// Jest Snapshot v1, https://goo.gl/fbAQLP

exports[`Modal component is rendering properly 1`] = `
<div>
  <p>
    dlflkdajf
  </p>
</div>
`;
